net.log('----------------测试结束-----------')
net.log(eventName, arg1, arg2, arg3, arg4, arg5, arg6, arg7)
net.log('----------------测试开始-----------')
2021-03-30 10:38:01.846 INFO    LuaNET: ----------------测试结束-----------
2021-03-30 10:38:01.846 INFO    LuaNET: connect	2	服里最帅的人	nil	nil	nil	nil	nil
2021-03-30 10:38:01.846 INFO    LuaNET: ----------------测试开始-----------

2021-03-30 10:38:36.216 INFO    LuaNET: ----------------测试结束-----------
2021-03-30 10:38:36.216 INFO    LuaNET: change_slot	2	1	0	nil	nil	nil	nil
2021-03-30 10:38:36.216 INFO    LuaNET: ----------------测试开始-----------

2021-03-30 10:39:23.311 INFO    LuaNET: ----------------测试结束-----------
2021-03-30 10:39:23.311 INFO    LuaNET: takeoff	2	1	Sochi-Adler	nil	nil	nil	nil
2021-03-30 10:39:23.311 INFO    LuaNET: ----------------测试开始-----------

2021-03-30 10:39:43.402 INFO    LuaNET: ----------------测试结束-----------
2021-03-30 10:39:43.402 INFO    LuaNET: kill	2	F-15C	2	-1	J-11A	1	AIM-120C 空空导弹
2021-03-30 10:39:43.402 INFO    LuaNET: ----------------测试开始-----------

2021-03-30 10:40:18.956 INFO    LuaNET: ----------------测试结束-----------
2021-03-30 10:40:18.956 INFO    LuaNET: friendly_fire	2	AIM-120C 空空导弹	-1	nil	nil	nil	nil
2021-03-30 10:40:18.956 INFO    LuaNET: ----------------测试开始-----------

2021-03-30 10:40:20.805 INFO    LuaNET: ----------------测试结束-----------
2021-03-30 10:40:20.805 INFO    LuaNET: kill	2	F-15C	2	-1	F-15C	2	AIM-120C 空空导弹
2021-03-30 10:40:20.805 INFO    LuaNET: ----------------测试开始-----------

2021-03-30 10:42:36.433 INFO    LuaNET: ----------------测试结束-----------
2021-03-30 10:42:36.433 INFO    LuaNET: landing	2	1	Sochi-Adler	nil	nil	nil	nil
2021-03-30 10:42:36.433 INFO    LuaNET: ----------------测试开始-----------

2021-03-30 10:42:39.625 INFO    LuaNET: ----------------测试结束-----------
2021-03-30 10:42:39.625 INFO    LuaNET: pilot_death	2	1	nil	nil	nil	nil	nil
2021-03-30 10:42:39.625 INFO    LuaNET: ----------------测试开始-----------

2021-03-30 10:42:39.682 INFO    LuaNET: ----------------测试结束-----------
2021-03-30 10:42:39.682 INFO    LuaNET: crash	2	1	nil	nil	nil	nil	nil
2021-03-30 10:42:39.682 INFO    LuaNET: ----------------测试开始-----------

2021-03-30 10:46:58.885 INFO    LuaNET: ----------------测试结束-----------
2021-03-30 10:46:58.885 INFO    LuaNET: eject	2	1	nil	nil	nil	nil	nil
2021-03-30 10:46:58.885 INFO    LuaNET: ----------------测试开始-----------

2021-03-30 10:51:25.826 INFO    LuaNET: ----------------测试结束-----------
2021-03-30 10:51:25.826 INFO    LuaNET: mission_end	TODO	TODO	nil	nil	nil	nil	nil
2021-03-30 10:51:25.826 INFO    LuaNET: ----------------测试开始-----------

